Laptop,IdeaPad 5X,Lenovo,Thin And Light,1000.0,200.0,5,Intel Core i7,16GB,SSD,500,Nvidia GTX 1050,Windows 10,18
Laptop,X1 Carbon,Lenovo,Thin And Ultra Light,1000.0,500.0,10,Intel Core i7,16GB,SSD,500,Nvidia GTX 1050,Windows 10,18
Computer,Alienware X51,Dell,Thin And Light,1000.0,90.0,10,Intel Core i7,16GB,SSD,500,Nvidia GTX 1050,Windows 10,
Computer,Alienware X51,Dell,Thin And Light,900.0,200.0,0,Intel Core i7,16GB,HDD,1000,Nvidia GTX 1050,Windows 10,
Computer,iMac Pro,Apple,Thin And Light,2000.0,500.0,9,Intel Core i7,16GB,NVMe,1000,Nvidia GTX 1050,Windows 10,
